main.c:66:6:degis	8	static
main.c:71:6:dur	4	static
main.c:80:6:ilr	16	static
main.c:89:6:ger	16	static
main.c:98:6:sag	16	static
main.c:107:6:sol	16	static
main.c:116:6:asg	8	static
main.c:125:6:ykr	8	static
main.c:134:6:sld	16	static
main.c:143:6:sgd	16	static
main.c:158:5:main	8	static
main.c:248:6:SystemClock_Config	88	static
main.c:293:13:MX_TIM3_Init	48	static
main.c:354:13:MX_TIM4_Init	48	static
main.c:407:13:MX_USART1_UART_Init	8	static
main.c:440:13:MX_GPIO_Init	48	static
main.c:470:6:Error_Handler	4	static,ignoring_inline_asm
