main.c:66:6:dur1	4	static
main.c:74:6:ilr1	8	static
main.c:83:6:ger1	8	static
main.c:92:6:ykr1	8	static
main.c:101:6:asg1	8	static
main.c:110:6:sag1	8	static
main.c:119:6:sol1	8	static
main.c:128:6:dur2	4	static
main.c:136:6:ilr2	8	static
main.c:145:6:ger2	8	static
main.c:154:6:ykr2	8	static
main.c:163:6:asg2	8	static
main.c:172:6:sag2	8	static
main.c:181:6:sol2	8	static
main.c:196:5:main	8	static
main.c:312:6:SystemClock_Config	88	static
main.c:357:13:MX_TIM3_Init	48	static
main.c:418:13:MX_TIM4_Init	48	static
main.c:471:13:MX_USART1_UART_Init	8	static
main.c:504:13:MX_GPIO_Init	24	static
main.c:522:6:Error_Handler	4	static,ignoring_inline_asm
