main.c:90:5:main	8	static
main.c:145:6:SystemClock_Config	88	static
main.c:185:13:MX_ADC1_Init	24	static
main.c:235:13:MX_I2C1_Init	8	static
main.c:269:13:MX_I2C2_Init	8	static
main.c:303:13:MX_I2C3_Init	8	static
main.c:337:13:MX_TIM2_Init	48	static
main.c:398:13:MX_TIM3_Init	48	static
main.c:459:13:MX_TIM9_Init	40	static
main.c:505:13:MX_UART4_Init	8	static
main.c:538:13:MX_USART1_UART_Init	8	static
main.c:571:13:MX_USART2_UART_Init	8	static
main.c:604:13:MX_USART3_UART_Init	8	static
main.c:637:13:MX_USART6_UART_Init	8	static
main.c:670:13:MX_GPIO_Init	32	static
main.c:690:6:Error_Handler	4	static,ignoring_inline_asm
