main.c:77:6:adcOku1	8	static
main.c:86:6:adcOku2	8	static
main.c:94:6:led1	24	static
main.c:111:6:led2	24	static
main.c:129:6:led12	16	static
main.c:136:6:led13	16	static
main.c:143:6:led14	16	static
main.c:149:6:led15	16	static
main.c:161:5:main	8	static
main.c:234:6:SystemClock_Config	88	static
main.c:274:13:MX_ADC1_Init	24	static
main.c:324:13:MX_ADC2_Init	24	static
main.c:374:13:MX_I2C1_Init	8	static
main.c:408:13:MX_TIM4_Init	48	static
main.c:469:13:MX_GPIO_Init	24	static
main.c:481:6:scani2c	8	static
main.c:488:6:ADXL_Yaz	32	static
main.c:496:6:ADXL_Oku	32	static
main.c:501:6:ADXL_Init	8	static
main.c:515:6:Error_Handler	4	static,ignoring_inline_asm
