16:57:35 **** Incremental Build of configuration Debug for project HAL_LIB_Barbarov_Finalv4 ****
make -j4 all 
arm-none-eabi-gcc "../Core/Src/main.c" -mcpu=cortex-m4 -std=gnu11 -g3 -DDEBUG -DUSE_HAL_DRIVER -DSTM32F407xx -c -I../Core/Inc -I../Drivers/STM32F4xx_HAL_Driver/Inc -I../Drivers/STM32F4xx_HAL_Driver/Inc/Legacy -I../Drivers/CMSIS/Device/ST/STM32F4xx/Include -I../Drivers/CMSIS/Include -O0 -ffunction-sections -fdata-sections -Wall -fstack-usage -MMD -MP -MF"Core/Src/main.d" -MT"Core/Src/main.o" --specs=nano.specs -mfpu=fpv4-sp-d16 -mfloat-abi=hard -mthumb -o "Core/Src/main.o"
arm-none-eabi-gcc -o "HAL_LIB_Barbarov_Finalv4.elf" @"objects.list"   -mcpu=cortex-m4 -T"C:\Users\PC\Desktop\UWF_Barbarov\HAL_LIB_Barbarov_Finalv4\STM32F407VGTX_FLASH.ld" --specs=nosys.specs -Wl,-Map="HAL_LIB_Barbarov_Finalv4.map" -Wl,--gc-sections -static --specs=nano.specs -mfpu=fpv4-sp-d16 -mfloat-abi=hard -mthumb -Wl,--start-group -lc -lm -Wl,--end-group
Finished building target: HAL_LIB_Barbarov_Finalv4.elf
 
arm-none-eabi-size   HAL_LIB_Barbarov_Finalv4.elf 
arm-none-eabi-objdump -h -S  HAL_LIB_Barbarov_Finalv4.elf  > "HAL_LIB_Barbarov_Finalv4.list"
arm-none-eabi-objcopy  -O binary  HAL_LIB_Barbarov_Finalv4.elf  "HAL_LIB_Barbarov_Finalv4.bin"
   text	   data	    bss	    dec	    hex	filename
  15684	    120	   1800	  17604	   44c4	HAL_LIB_Barbarov_Finalv4.elf
Finished building: default.size.stdout
 
Finished building: HAL_LIB_Barbarov_Finalv4.bin
 
Finished building: HAL_LIB_Barbarov_Finalv4.list
 
16:57:43 **** Incremental Build of configuration Debug for project HAL_LIB_Barbarov_Finalv4 ****
make -j4 all 
arm-none-eabi-size   HAL_LIB_Barbarov_Finalv4.elf 
   text	   data	    bss	    dec	    hex	filename
  15684	    120	   1800	  17604	   44c4	HAL_LIB_Barbarov_Finalv4.elf
Finished building: default.size.stdout
 
